

================================================================
== Vivado HLS Report for 'learn'
================================================================
* Date:           Fri Feb 19 21:11:02 2021

* Version:        2019.2 (Build 2704478 on Wed Nov 06 22:10:23 MST 2019)
* Project:        HLS_CartPole
* Solution:       solution1
* Product family: virtex7
* Target device:  xc7vx485t-ffg1157-1


================================================================
== Performance Estimates
================================================================
+ Timing: 
    * Summary: 
    +--------+----------+----------+------------+
    |  Clock |  Target  | Estimated| Uncertainty|
    +--------+----------+----------+------------+
    |ap_clk  | 10.00 ns | 9.128 ns |   1.25 ns  |
    +--------+----------+----------+------------+

+ Latency: 
    * Summary: 
    +---------+---------+----------+----------+-----+-----+---------+
    |  Latency (cycles) |  Latency (absolute) |  Interval | Pipeline|
    |   min   |   max   |    min   |    max   | min | max |   Type  |
    +---------+---------+----------+----------+-----+-----+---------+
    |        ?|        ?|         ?|         ?|    ?|    ?|   none  |
    +---------+---------+----------+----------+-----+-----+---------+

    + Detail: 
        * Instance: 
        +-------------------------------+--------------------+---------+---------+----------+----------+-----+-----+---------+
        |                               |                    |  Latency (cycles) |  Latency (absolute) |  Interval | Pipeline|
        |            Instance           |       Module       |   min   |   max   |    min   |    max   | min | max |   Type  |
        +-------------------------------+--------------------+---------+---------+----------+----------+-----+-----+---------+
        |grp_sin_or_cos_float_s_fu_406  |sin_or_cos_float_s  |       15|       16| 0.150 us | 0.160 us |   15|   16|   none  |
        +-------------------------------+--------------------+---------+---------+----------+----------+-----+-----+---------+

        * Loop: 
        +-------------+---------+---------+-------------+-----------+-----------+------+----------+
        |             |  Latency (cycles) |  Iteration  |  Initiation Interval  | Trip |          |
        |  Loop Name  |   min   |   max   |   Latency   |  achieved |   target  | Count| Pipelined|
        +-------------+---------+---------+-------------+-----------+-----------+------+----------+
        |- Loop 1     |        ?|        ?| 2783 ~ 3919 |          -|          -|     ?|    no    |
        | + Loop 1.1  |     2592|     3726|   16 ~ 23   |          -|          -|   162|    no    |
        +-------------+---------+---------+-------------+-----------+-----------+------+----------+



================================================================
== Utilization Estimates
================================================================
* Summary: 
+-----------------+---------+-------+--------+--------+-----+
|       Name      | BRAM_18K| DSP48E|   FF   |   LUT  | URAM|
+-----------------+---------+-------+--------+--------+-----+
|DSP              |        -|      -|       -|       -|    -|
|Expression       |        -|      -|       0|     553|    -|
|FIFO             |        -|      -|       -|       -|    -|
|Instance         |        -|     46|    6853|    9579|    -|
|Memory           |        -|      -|       -|       -|    -|
|Multiplexer      |        -|      -|       -|    1589|    -|
|Register         |        -|      -|    1765|       -|    -|
+-----------------+---------+-------+--------+--------+-----+
|Total            |        0|     46|    8618|   11721|    0|
+-----------------+---------+-------+--------+--------+-----+
|Available        |     2060|   2800|  607200|  303600|    0|
+-----------------+---------+-------+--------+--------+-----+
|Utilization (%)  |        0|      1|       1|       3|    0|
+-----------------+---------+-------+--------+--------+-----+

+ Detail: 
    * Instance: 
    +-------------------------------+----------------------+---------+-------+------+------+-----+
    |            Instance           |        Module        | BRAM_18K| DSP48E|  FF  |  LUT | URAM|
    +-------------------------------+----------------------+---------+-------+------+------+-----+
    |learn_dadd_64ns_6ocq_U31       |learn_dadd_64ns_6ocq  |        0|      3|   445|   781|    0|
    |learn_dadddsub_64ncg_U30       |learn_dadddsub_64ncg  |        0|      3|   445|   781|    0|
    |learn_dcmp_64ns_6rcU_U35       |learn_dcmp_64ns_6rcU  |        0|      0|   130|   113|    0|
    |learn_dcmp_64ns_6rcU_U36       |learn_dcmp_64ns_6rcU  |        0|      0|   130|   113|    0|
    |learn_dcmp_64ns_6rcU_U37       |learn_dcmp_64ns_6rcU  |        0|      0|   130|   113|    0|
    |learn_dcmp_64ns_6rcU_U38       |learn_dcmp_64ns_6rcU  |        0|      0|   130|   113|    0|
    |learn_dcmp_64ns_6rcU_U39       |learn_dcmp_64ns_6rcU  |        0|      0|   130|   113|    0|
    |learn_dcmp_64ns_6rcU_U40       |learn_dcmp_64ns_6rcU  |        0|      0|   130|   113|    0|
    |learn_ddiv_64ns_6qcK_U34       |learn_ddiv_64ns_6qcK  |        0|      0|  2230|  3242|    0|
    |learn_dmul_64ns_6pcA_U32       |learn_dmul_64ns_6pcA  |        0|     11|   299|   203|    0|
    |learn_dmul_64ns_6pcA_U33       |learn_dmul_64ns_6pcA  |        0|     11|   299|   203|    0|
    |learn_fadd_32ns_3ibs_U21       |learn_fadd_32ns_3ibs  |        0|      2|   227|   214|    0|
    |learn_fcmp_32ns_3mb6_U27       |learn_fcmp_32ns_3mb6  |        0|      0|    66|    66|    0|
    |learn_fcmp_32ns_3mb6_U28       |learn_fcmp_32ns_3mb6  |        0|      0|    66|    66|    0|
    |learn_fcmp_32ns_3mb6_U29       |learn_fcmp_32ns_3mb6  |        0|      0|    66|    66|    0|
    |learn_fmul_32ns_3jbC_U22       |learn_fmul_32ns_3jbC  |        0|      3|   128|   138|    0|
    |learn_fpext_32ns_lbW_U25       |learn_fpext_32ns_lbW  |        0|      0|   100|   139|    0|
    |learn_fpext_32ns_lbW_U26       |learn_fpext_32ns_lbW  |        0|      0|   100|   139|    0|
    |learn_fptrunc_64nkbM_U23       |learn_fptrunc_64nkbM  |        0|      0|   128|    97|    0|
    |learn_fptrunc_64nkbM_U24       |learn_fptrunc_64nkbM  |        0|      0|   128|    97|    0|
    |grp_sin_or_cos_float_s_fu_406  |sin_or_cos_float_s    |        0|     13|  1346|  2669|    0|
    +-------------------------------+----------------------+---------+-------+------+------+-----+
    |Total                          |                      |        0|     46|  6853|  9579|    0|
    +-------------------------------+----------------------+---------+-------+------+------+-----+

    * DSP48E: 
    N/A

    * Memory: 
    N/A

    * FIFO: 
    N/A

    * Expression: 
    +---------------------------+----------+-------+---+----+------------+------------+
    |       Variable Name       | Operation| DSP48E| FF| LUT| Bitwidth P0| Bitwidth P1|
    +---------------------------+----------+-------+---+----+------------+------------+
    |box_1_fu_945_p2            |     +    |      0|  0|  13|           4|           4|
    |box_2_fu_1138_p2           |     +    |      0|  0|  15|           6|           6|
    |box_4_fu_1177_p2           |     +    |      0|  0|  15|           8|           8|
    |failures_fu_1252_p2        |     +    |      0|  0|  39|          32|           1|
    |i_fu_1292_p2               |     +    |      0|  0|  15|           8|           1|
    |steps_fu_694_p2            |     +    |      0|  0|  39|          32|           1|
    |and_ln107_1_fu_845_p2      |    and   |      0|  0|   2|           1|           1|
    |and_ln107_fu_834_p2        |    and   |      0|  0|   2|           1|           1|
    |and_ln110_fu_856_p2        |    and   |      0|  0|   2|           1|           1|
    |and_ln112_fu_860_p2        |    and   |      0|  0|   2|           1|           1|
    |and_ln117_fu_925_p2        |    and   |      0|  0|   2|           1|           1|
    |and_ln119_fu_931_p2        |    and   |      0|  0|   2|           1|           1|
    |and_ln126_1_fu_1057_p2     |    and   |      0|  0|   2|           1|           1|
    |and_ln128_1_fu_1067_p2     |    and   |      0|  0|   2|           1|           1|
    |and_ln128_fu_994_p2        |    and   |      0|  0|   2|           1|           1|
    |and_ln130_1_fu_1082_p2     |    and   |      0|  0|   2|           1|           1|
    |and_ln130_fu_1044_p2       |    and   |      0|  0|   2|           1|           1|
    |and_ln132_fu_1048_p2       |    and   |      0|  0|   2|           1|           1|
    |and_ln137_1_fu_1199_p2     |    and   |      0|  0|   2|           1|           1|
    |and_ln137_fu_1159_p2       |    and   |      0|  0|   2|           1|           1|
    |and_ln139_fu_1164_p2       |    and   |      0|  0|   2|           1|           1|
    |and_ln14_fu_712_p2         |    and   |      0|  0|   2|           1|           1|
    |grp_fu_549_p2              |    and   |      0|  0|   2|           1|           1|
    |icmp_ln107_1_fu_779_p2     |   icmp   |      0|  0|  29|          52|           1|
    |icmp_ln107_2_fu_809_p2     |   icmp   |      0|  0|  13|          11|           2|
    |icmp_ln107_3_fu_815_p2     |   icmp   |      0|  0|  29|          52|           1|
    |icmp_ln107_fu_773_p2       |   icmp   |      0|  0|  13|          11|           2|
    |icmp_ln117_1_fu_913_p2     |   icmp   |      0|  0|  18|          23|           1|
    |icmp_ln117_fu_907_p2       |   icmp   |      0|  0|  11|           8|           2|
    |icmp_ln128_1_fu_982_p2     |   icmp   |      0|  0|  18|          23|           1|
    |icmp_ln128_fu_976_p2       |   icmp   |      0|  0|  11|           8|           2|
    |icmp_ln137_1_fu_1029_p2    |   icmp   |      0|  0|  29|          52|           1|
    |icmp_ln137_fu_1023_p2      |   icmp   |      0|  0|  13|          11|           2|
    |icmp_ln14_1_fu_706_p2      |   icmp   |      0|  0|  18|          32|           7|
    |icmp_ln14_fu_700_p2        |   icmp   |      0|  0|  18|          32|          17|
    |icmp_ln48_fu_1286_p2       |   icmp   |      0|  0|  11|           8|           8|
    |icmp_ln66_fu_722_p2        |   icmp   |      0|  0|  18|          32|           7|
    |or_ln107_1_fu_821_p2       |    or    |      0|  0|   2|           1|           1|
    |or_ln107_2_fu_828_p2       |    or    |      0|  0|   2|           1|           1|
    |or_ln107_3_fu_839_p2       |    or    |      0|  0|   2|           1|           1|
    |or_ln107_4_fu_850_p2       |    or    |      0|  0|   2|           1|           1|
    |or_ln107_fu_785_p2         |    or    |      0|  0|   2|           1|           1|
    |or_ln110_fu_872_p2         |    or    |      0|  0|   2|           1|           1|
    |or_ln117_fu_919_p2         |    or    |      0|  0|   2|           1|           1|
    |or_ln126_fu_1000_p2        |    or    |      0|  0|   2|           1|           1|
    |or_ln128_1_fu_1072_p2      |    or    |      0|  0|   2|           1|           1|
    |or_ln128_fu_988_p2         |    or    |      0|  0|   2|           1|           1|
    |or_ln130_1_fu_1110_p2      |    or    |      0|  0|   2|           1|           1|
    |or_ln130_2_fu_1124_p2      |    or    |      0|  0|   2|           1|           1|
    |or_ln130_fu_1096_p2        |    or    |      0|  0|   2|           1|           1|
    |or_ln137_fu_1035_p2        |    or    |      0|  0|   2|           1|           1|
    |ap_return                  |  select  |      0|  0|  32|           1|           2|
    |box_3_fu_1144_p3           |  select  |      0|  0|   6|           1|           6|
    |select_ln107_fu_1187_p3    |  select  |      0|  0|   9|           1|           2|
    |select_ln110_1_fu_878_p3   |  select  |      0|  0|   3|           1|           2|
    |select_ln110_fu_864_p3     |  select  |      0|  0|   2|           1|           1|
    |select_ln117_fu_951_p3     |  select  |      0|  0|   4|           1|           4|
    |select_ln119_fu_937_p3     |  select  |      0|  0|   3|           1|           2|
    |select_ln130_1_fu_1102_p3  |  select  |      0|  0|   6|           1|           4|
    |select_ln130_2_fu_1116_p3  |  select  |      0|  0|   6|           1|           6|
    |select_ln130_3_fu_1130_p3  |  select  |      0|  0|   6|           1|           6|
    |select_ln130_fu_1088_p3    |  select  |      0|  0|   5|           1|           5|
    |select_ln137_fu_1205_p3    |  select  |      0|  0|   9|           1|           9|
    |select_ln139_fu_1169_p3    |  select  |      0|  0|   7|           1|           6|
    |xor_ln107_fu_1194_p2       |    xor   |      0|  0|   2|           1|           2|
    |xor_ln124_fu_1052_p2       |    xor   |      0|  0|   2|           2|           1|
    |xor_ln126_fu_1062_p2       |    xor   |      0|  0|   2|           1|           2|
    |xor_ln128_fu_1076_p2       |    xor   |      0|  0|   2|           1|           2|
    +---------------------------+----------+-------+---+----+------------+------------+
    |Total                      |          |      0|  0| 553|         494|         168|
    +---------------------------+----------+-------+---+----+------------+------------+

    * Multiplexer: 
    +--------------------------------------+-----+-----------+-----+-----------+
    |                 Name                 | LUT | Input Size| Bits| Total Bits|
    +--------------------------------------+-----+-----------+-----+-----------+
    |ap_NS_fsm                             |  805|        185|    1|        185|
    |ap_phi_mux_p_03_phi_fu_335_p4         |    9|          2|   32|         64|
    |ap_phi_mux_storemerge_phi_fu_398_p4   |    9|          2|   32|         64|
    |e_address0                            |   27|          5|    8|         40|
    |e_d0                                  |   15|          3|   32|         96|
    |failures_1_fu_204                     |    9|          2|   32|         64|
    |grp_fu_426_p0                         |   21|          4|   32|        128|
    |grp_fu_426_p1                         |   21|          4|   32|        128|
    |grp_fu_431_p0                         |   27|          5|   64|        320|
    |grp_fu_440_p0                         |   89|         18|   32|        576|
    |grp_fu_470_opcode                     |   15|          3|    2|          6|
    |grp_fu_470_p0                         |   38|          7|   64|        448|
    |grp_fu_470_p1                         |   44|          9|   64|        576|
    |grp_fu_482_p0                         |   38|          7|   64|        448|
    |grp_fu_482_p1                         |   53|         12|   64|        768|
    |grp_fu_490_p0                         |   15|          3|   64|        192|
    |grp_fu_499_p0                         |   15|          3|   64|        192|
    |grp_fu_499_p1                         |   15|          3|   64|        192|
    |grp_fu_504_p0                         |   15|          3|   64|        192|
    |grp_fu_504_p1                         |   27|          5|   64|        320|
    |grp_fu_511_opcode                     |   15|          3|    5|         15|
    |grp_fu_511_p0                         |   15|          3|   64|        192|
    |grp_fu_511_p1                         |   21|          4|   64|        256|
    |grp_fu_517_p1                         |   15|          3|   64|        192|
    |grp_fu_549_p0                         |   15|          3|    1|          3|
    |grp_sin_or_cos_float_s_fu_406_do_cos  |   15|          3|    1|          3|
    |i_0_reg_383                           |    9|          2|    8|         16|
    |p_01_reg_321                          |    9|          2|   32|         64|
    |p_02_reg_355                          |    9|          2|    8|         16|
    |p_03_reg_331                          |    9|          2|   32|         64|
    |p_1_reg_344                           |    9|          2|    9|         18|
    |steps_1_fu_184                        |    9|          2|   32|         64|
    |storemerge_reg_394                    |    9|          2|   32|         64|
    |theta_dot_read_assig_fu_200           |   15|          3|   32|         96|
    |theta_read_assign_fu_196              |   15|          3|   32|         96|
    |v_address0                            |   21|          4|    8|         32|
    |x_dot_read_assign_fu_192              |   15|          3|   32|         96|
    |x_read_assign_fu_188                  |   15|          3|   32|         96|
    |xbar_address0                         |   27|          5|    8|         40|
    |xbar_d0                               |   15|          3|   32|         96|
    +--------------------------------------+-----+-----------+-----+-----------+
    |Total                                 | 1589|        342| 1403|       6518|
    +--------------------------------------+-----+-----------+-----+-----------+

    * Register: 
    +--------------------------------------------+-----+----+-----+-----------+
    |                    Name                    |  FF | LUT| Bits| Const Bits|
    +--------------------------------------------+-----+----+-----+-----------+
    |and_ln124_reg_1434                          |    1|   0|    1|          0|
    |and_ln126_reg_1475                          |    1|   0|    1|          0|
    |and_ln128_reg_1480                          |    1|   0|    1|          0|
    |ap_CS_fsm                                   |  184|   0|  184|          0|
    |e_addr_1_reg_1535                           |    8|   0|    8|          0|
    |e_addr_reg_1399                             |    8|   0|    8|          0|
    |failures_1_fu_204                           |   32|   0|   32|          0|
    |failures_1_load_reg_1357                    |   32|   0|   32|          0|
    |grp_sin_or_cos_float_s_fu_406_ap_start_reg  |    1|   0|    1|          0|
    |i_0_reg_383                                 |    8|   0|    8|          0|
    |i_reg_1530                                  |    8|   0|    8|          0|
    |or_ln107_1_reg_1426                         |    1|   0|    1|          0|
    |or_ln107_4_reg_1464                         |    1|   0|    1|          0|
    |or_ln107_reg_1419                           |    1|   0|    1|          0|
    |or_ln126_reg_1496                           |    1|   0|    1|          0|
    |or_ln137_reg_1502                           |    1|   0|    1|          0|
    |p_01_reg_321                                |   32|   0|   32|          0|
    |p_02_reg_355                                |    8|   0|   32|         24|
    |p_03_reg_331                                |   32|   0|   32|          0|
    |p_1_reg_344                                 |    9|   0|    9|          0|
    |phi_ln55_reg_369                            |    1|   0|    1|          0|
    |reg_554                                     |   64|   0|   64|          0|
    |reg_567                                     |   64|   0|   64|          0|
    |reg_576                                     |   32|   0|   32|          0|
    |reg_582                                     |   64|   0|   64|          0|
    |reg_591                                     |   64|   0|   64|          0|
    |reg_602                                     |   64|   0|   64|          0|
    |reg_609                                     |   64|   0|   64|          0|
    |reg_617                                     |   64|   0|   64|          0|
    |reg_623                                     |   32|   0|   32|          0|
    |reg_630                                     |   32|   0|   32|          0|
    |reg_636                                     |   32|   0|   32|          0|
    |reg_641                                     |   64|   0|   64|          0|
    |reg_646                                     |   32|   0|   32|          0|
    |reg_658                                     |   32|   0|   32|          0|
    |select_ln117_reg_1470                       |    4|   0|    4|          0|
    |select_ln137_reg_1508                       |    9|   0|    9|          0|
    |sext_ln47_reg_1522                          |   32|   0|   32|          0|
    |steps_1_fu_184                              |   32|   0|   32|          0|
    |steps_reg_1362                              |   32|   0|   32|          0|
    |storemerge_reg_394                          |   32|   0|   32|          0|
    |theta_dot_read_assig_fu_200                 |   32|   0|   32|          0|
    |theta_read_assign_fu_196                    |   32|   0|   32|          0|
    |theta_write_assign_reg_1381                 |   32|   0|   32|          0|
    |tmp_15_reg_1555                             |   32|   0|   32|          0|
    |tmp_16_reg_1565                             |   32|   0|   32|          0|
    |tmp_23_reg_1570                             |   64|   0|   64|          0|
    |tmp_26_reg_1575                             |   32|   0|   32|          0|
    |tmp_33_reg_1454                             |    1|   0|    1|          0|
    |tmp_34_reg_1459                             |    1|   0|    1|          0|
    |tmp_3_reg_1414                              |   64|   0|   64|          0|
    |tmp_42_reg_1486                             |    1|   0|    1|          0|
    |tmp_43_reg_1491                             |    1|   0|    1|          0|
    |tmp_4_reg_1441                              |   64|   0|   64|          0|
    |tmp_reg_1513                                |    1|   0|    1|          0|
    |v_addr_2_reg_1550                           |    8|   0|    8|          0|
    |w_addr_reg_1540                             |    8|   0|    8|          0|
    |w_load_reg_1560                             |   32|   0|   32|          0|
    |x_dot_read_assign_fu_192                    |   32|   0|   32|          0|
    |x_dot_write_assign_reg_1446                 |   32|   0|   32|          0|
    |x_read_assign_fu_188                        |   32|   0|   32|          0|
    |xbar_addr_1_reg_1545                        |    8|   0|    8|          0|
    |xbar_addr_reg_1404                          |    8|   0|    8|          0|
    +--------------------------------------------+-----+----+-----+-----------+
    |Total                                       | 1765|   0| 1789|         24|
    +--------------------------------------------+-----+----+-----+-----------+



================================================================
== Interface
================================================================
* Summary: 
+---------------+-----+-----+------------+--------------+--------------+
|   RTL Ports   | Dir | Bits|  Protocol  | Source Object|    C Type    |
+---------------+-----+-----+------------+--------------+--------------+
|ap_clk         |  in |    1| ap_ctrl_hs |     learn    | return value |
|ap_rst         |  in |    1| ap_ctrl_hs |     learn    | return value |
|ap_start       |  in |    1| ap_ctrl_hs |     learn    | return value |
|ap_done        | out |    1| ap_ctrl_hs |     learn    | return value |
|ap_idle        | out |    1| ap_ctrl_hs |     learn    | return value |
|ap_ready       | out |    1| ap_ctrl_hs |     learn    | return value |
|ap_return      | out |   32| ap_ctrl_hs |     learn    | return value |
|y              |  in |   32|   ap_none  |       y      |    scalar    |
|w_address0     | out |    8|  ap_memory |       w      |     array    |
|w_ce0          | out |    1|  ap_memory |       w      |     array    |
|w_we0          | out |    1|  ap_memory |       w      |     array    |
|w_d0           | out |   32|  ap_memory |       w      |     array    |
|w_q0           |  in |   32|  ap_memory |       w      |     array    |
|box            |  in |   32|   ap_none  |      box     |    scalar    |
|e_address0     | out |    8|  ap_memory |       e      |     array    |
|e_ce0          | out |    1|  ap_memory |       e      |     array    |
|e_we0          | out |    1|  ap_memory |       e      |     array    |
|e_d0           | out |   32|  ap_memory |       e      |     array    |
|e_q0           |  in |   32|  ap_memory |       e      |     array    |
|xbar_address0  | out |    8|  ap_memory |     xbar     |     array    |
|xbar_ce0       | out |    1|  ap_memory |     xbar     |     array    |
|xbar_we0       | out |    1|  ap_memory |     xbar     |     array    |
|xbar_d0        | out |   32|  ap_memory |     xbar     |     array    |
|xbar_q0        |  in |   32|  ap_memory |     xbar     |     array    |
|oldp           |  in |   32|   ap_none  |     oldp     |    scalar    |
|v_address0     | out |    8|  ap_memory |       v      |     array    |
|v_ce0          | out |    1|  ap_memory |       v      |     array    |
|v_we0          | out |    1|  ap_memory |       v      |     array    |
|v_d0           | out |   32|  ap_memory |       v      |     array    |
|v_q0           |  in |   32|  ap_memory |       v      |     array    |
|x              |  in |   32|   ap_none  |       x      |    scalar    |
|x_dot          |  in |   32|   ap_none  |     x_dot    |    scalar    |
|theta          |  in |   32|   ap_none  |     theta    |    scalar    |
|theta_dot      |  in |   32|   ap_none  |   theta_dot  |    scalar    |
|r              |  in |   32|   ap_none  |       r      |    scalar    |
|p              |  in |   32|   ap_none  |       p      |    scalar    |
|rhat           |  in |   32|   ap_none  |     rhat     |    scalar    |
+---------------+-----+-----+------------+--------------+--------------+

